STARTING TEST
Reading tokens...
No token file
